<html>
<body>
<pre>
<h1>µVision Build Log</h1>
<h2>Tool Versions:</h2>
IDE-Version: µVision V5.31.0.0
Copyright (C) 2020 ARM Ltd and ARM Germany GmbH. All rights reserved.
License Information: Nguyen Quang, ABC, LIC=21E4T-RABPG-74HS0-BTRVD-KND0M-92A9X
 
Tool Versions:
Toolchain:       MDK-ARM Plus  Version: 5.31.0.0
Toolchain Path:  D:\KeilCv5\ARM\ARMCLANG\Bin
C Compiler:      ArmClang.exe V6.14
Assembler:       Armasm.exe V6.14
Linker/Locator:  ArmLink.exe V6.14
Library Manager: ArmAr.exe V6.14
Hex Converter:   FromElf.exe V6.14
CPU DLL:         SARMCM3.DLL V5.31.0.0
Dialog DLL:      DCM.DLL V1.17.3.0
Target DLL:      STLink\ST-LINKIII-KEIL_SWO.dll V3.0.7.0
Dialog DLL:      TCM.DLL V1.46.0.0
 
<h2>Project:</h2>
D:\STM\LL_code\MDK-ARM\LL_code.uvprojx
Project File Date:  07/22/2024

<h2>Output:</h2>
*** Using Compiler 'V6.14', folder: 'D:\KeilCv5\ARM\ARMCLANG\Bin'
Rebuild target 'LL_code'
assembling startup_stm32f103xb.s...
compiling stm32f1xx_it.c...
compiling stm32f1xx_ll_pwr.c...
compiling stm32f1xx_ll_exti.c...
compiling stm32f1xx_ll_gpio.c...
compiling stm32f1xx_ll_rcc.c...
compiling main.c...
compiling stm32f1xx_ll_utils.c...
compiling system_stm32f1xx.c...
linking...
Program Size: Code=1452 RO-data=268 RW-data=4 ZI-data=1636  
FromELF: creating hex file...
"LL_code\LL_code.axf" - 0 Error(s), 0 Warning(s).

<h2>Software Packages used:</h2>

Package Vendor: ARM
                http://www.keil.com/pack/ARM.CMSIS.5.7.0.pack
                ARM.CMSIS.5.7.0
                CMSIS (Cortex Microcontroller Software Interface Standard)
   * Component: CORE Version: 5.4.0

Package Vendor: Keil
                https://www.keil.com/pack/Keil.STM32F1xx_DFP.2.4.1.pack
                Keil.STM32F1xx_DFP.2.4.1
                STMicroelectronics STM32F1 Series Device Support, Drivers and Examples

<h2>Collection of Component include folders:</h2>
  .\RTE\_LL_code
  D:\KeilCv5\Packs\ARM\CMSIS\5.7.0\CMSIS\Core\Include
  D:\KeilCv5\Packs\Keil\STM32F1xx_DFP\2.4.1\Device\Include

<h2>Collection of Component Files used:</h2>

   * Component: ARM::CMSIS:CORE:5.4.0
      Include file:  CMSIS\Core\Include\tz_context.h
Build Time Elapsed:  00:00:01
</pre>
</body>
</html>
